--------------------------------------------------------------------------------
Release 14.7 Trace  (nt64)
Copyright (c) 1995-2013 Xilinx, Inc.  All rights reserved.

C:\Xilinx\14.7\ISE_DS\ISE\bin\nt64\unwrapped\trce.exe -intstyle ise -v 3 -s 3
-n 3 -fastpaths -xml Root.twx Root.ncd -o Root.twr Root.pcf

Design file:              Root.ncd
Physical constraint file: Root.pcf
Device,package,speed:     xc7a100t,csg324,C,-3 (PRODUCTION 1.10 2013-10-13)
Report level:             verbose report

Environment Variable      Effect 
--------------------      ------ 
NONE                      No environment variables were set
--------------------------------------------------------------------------------

INFO:Timing:2698 - No timing constraints found, doing default enumeration.
INFO:Timing:3412 - To improve timing, see the Timing Closure User Guide (UG612).
INFO:Timing:2752 - To get complete path coverage, use the unconstrained paths 
   option. All paths that are not constrained will be reported in the 
   unconstrained paths section(s) of the report.
INFO:Timing:3339 - The clock-to-out numbers in this timing report are based on 
   a 50 Ohm transmission line loading model.  For the details of this model, 
   and for more information on accounting for different loading conditions, 
   please see the device datasheet.



Data Sheet report:
-----------------
All values displayed in nanoseconds (ns)

Pad to Pad
---------------+---------------+---------+
Source Pad     |Destination Pad|  Delay  |
---------------+---------------+---------+
A<1>           |R<7>           |   13.430|
A<1>           |R<8>           |   12.794|
A<1>           |R<9>           |   12.713|
A<1>           |R<10>          |   12.696|
A<1>           |R<11>          |   11.905|
A<1>           |R<12>          |   11.480|
A<1>           |R<13>          |   11.806|
A<1>           |q<1>           |    5.561|
A<1>           |q<2>           |    5.956|
A<1>           |q<3>           |    5.407|
A<1>           |q<4>           |    7.258|
A<1>           |q<5>           |    8.201|
A<1>           |q<6>           |    9.529|
A<1>           |q<7>           |   10.966|
A<1>           |q<8>           |   12.998|
A<2>           |R<7>           |   13.581|
A<2>           |R<8>           |   12.945|
A<2>           |R<9>           |   12.864|
A<2>           |R<10>          |   12.847|
A<2>           |R<11>          |   12.056|
A<2>           |R<12>          |   11.631|
A<2>           |R<13>          |   11.957|
A<2>           |q<1>           |    5.624|
A<2>           |q<2>           |    6.017|
A<2>           |q<3>           |    5.728|
A<2>           |q<4>           |    7.409|
A<2>           |q<5>           |    8.352|
A<2>           |q<6>           |    9.680|
A<2>           |q<7>           |   11.117|
A<2>           |q<8>           |   13.149|
A<3>           |R<7>           |   13.370|
A<3>           |R<8>           |   12.734|
A<3>           |R<9>           |   12.653|
A<3>           |R<10>          |   12.636|
A<3>           |R<11>          |   11.845|
A<3>           |R<12>          |   11.420|
A<3>           |R<13>          |   11.746|
A<3>           |q<2>           |    5.999|
A<3>           |q<3>           |    5.557|
A<3>           |q<4>           |    7.198|
A<3>           |q<5>           |    8.141|
A<3>           |q<6>           |    9.469|
A<3>           |q<7>           |   10.906|
A<3>           |q<8>           |   12.938|
A<4>           |R<7>           |   13.445|
A<4>           |R<8>           |   12.809|
A<4>           |R<9>           |   12.728|
A<4>           |R<10>          |   12.711|
A<4>           |R<11>          |   11.920|
A<4>           |R<12>          |   11.495|
A<4>           |R<13>          |   11.821|
A<4>           |q<2>           |    6.066|
A<4>           |q<3>           |    5.489|
A<4>           |q<4>           |    7.273|
A<4>           |q<5>           |    8.216|
A<4>           |q<6>           |    9.544|
A<4>           |q<7>           |   10.981|
A<4>           |q<8>           |   13.013|
A<5>           |R<7>           |   13.551|
A<5>           |R<8>           |   12.915|
A<5>           |R<9>           |   12.834|
A<5>           |R<10>          |   12.817|
A<5>           |R<11>          |   12.026|
A<5>           |R<12>          |   11.601|
A<5>           |R<13>          |   11.927|
A<5>           |q<3>           |    5.686|
A<5>           |q<4>           |    7.379|
A<5>           |q<5>           |    8.322|
A<5>           |q<6>           |    9.650|
A<5>           |q<7>           |   11.087|
A<5>           |q<8>           |   13.119|
A<6>           |R<7>           |   13.434|
A<6>           |R<8>           |   12.798|
A<6>           |R<9>           |   12.717|
A<6>           |R<10>          |   12.700|
A<6>           |R<11>          |   11.909|
A<6>           |R<12>          |   11.484|
A<6>           |R<13>          |   11.810|
A<6>           |q<3>           |    5.307|
A<6>           |q<4>           |    7.262|
A<6>           |q<5>           |    8.205|
A<6>           |q<6>           |    9.533|
A<6>           |q<7>           |   10.970|
A<6>           |q<8>           |   13.002|
A<7>           |R<7>           |   13.025|
A<7>           |R<8>           |   12.389|
A<7>           |R<9>           |   12.308|
A<7>           |R<10>          |   12.291|
A<7>           |R<11>          |   11.500|
A<7>           |R<12>          |   11.075|
A<7>           |R<13>          |   11.401|
A<7>           |q<4>           |    6.853|
A<7>           |q<5>           |    7.796|
A<7>           |q<6>           |    9.124|
A<7>           |q<7>           |   10.561|
A<7>           |q<8>           |   12.593|
A<8>           |R<7>           |   12.775|
A<8>           |R<8>           |   12.139|
A<8>           |R<9>           |   12.058|
A<8>           |R<10>          |   12.041|
A<8>           |R<11>          |   11.250|
A<8>           |R<12>          |   10.825|
A<8>           |R<13>          |   11.151|
A<8>           |q<4>           |    6.603|
A<8>           |q<5>           |    7.546|
A<8>           |q<6>           |    8.874|
A<8>           |q<7>           |   10.311|
A<8>           |q<8>           |   12.343|
A<9>           |R<7>           |   11.786|
A<9>           |R<8>           |   11.150|
A<9>           |R<9>           |   11.069|
A<9>           |R<10>          |   11.052|
A<9>           |R<11>          |   10.261|
A<9>           |R<12>          |    9.836|
A<9>           |R<13>          |   10.162|
A<9>           |q<5>           |    6.557|
A<9>           |q<6>           |    7.885|
A<9>           |q<7>           |    9.322|
A<9>           |q<8>           |   11.354|
A<10>          |R<7>           |   11.675|
A<10>          |R<8>           |   11.039|
A<10>          |R<9>           |   10.958|
A<10>          |R<10>          |   10.941|
A<10>          |R<11>          |   10.150|
A<10>          |R<12>          |    9.725|
A<10>          |R<13>          |   10.051|
A<10>          |q<5>           |    6.446|
A<10>          |q<6>           |    7.774|
A<10>          |q<7>           |    9.211|
A<10>          |q<8>           |   11.243|
A<11>          |R<7>           |   11.022|
A<11>          |R<8>           |   10.386|
A<11>          |R<9>           |   10.305|
A<11>          |R<10>          |   10.288|
A<11>          |R<11>          |    9.497|
A<11>          |R<12>          |    9.072|
A<11>          |R<13>          |    9.398|
A<11>          |q<6>           |    7.121|
A<11>          |q<7>           |    8.558|
A<11>          |q<8>           |   10.590|
A<12>          |R<7>           |   10.863|
A<12>          |R<8>           |   10.227|
A<12>          |R<9>           |   10.146|
A<12>          |R<10>          |   10.129|
A<12>          |R<11>          |    9.338|
A<12>          |R<12>          |    8.913|
A<12>          |R<13>          |    9.239|
A<12>          |q<6>           |    6.962|
A<12>          |q<7>           |    8.399|
A<12>          |q<8>           |   10.431|
A<13>          |R<7>           |    9.045|
A<13>          |R<8>           |    8.409|
A<13>          |R<9>           |    8.328|
A<13>          |R<10>          |    8.311|
A<13>          |R<11>          |    7.520|
A<13>          |R<12>          |    7.095|
A<13>          |R<13>          |    7.421|
A<13>          |q<7>           |    6.581|
A<13>          |q<8>           |    8.613|
A<14>          |R<7>           |    8.999|
A<14>          |R<8>           |    8.363|
A<14>          |R<9>           |    8.282|
A<14>          |R<10>          |    8.265|
A<14>          |R<11>          |    7.474|
A<14>          |R<12>          |    7.049|
A<14>          |R<13>          |    7.375|
A<14>          |R<14>          |    5.778|
A<14>          |q<7>           |    6.535|
A<14>          |q<8>           |    8.567|
A<15>          |R<7>           |    8.317|
A<15>          |R<8>           |    7.681|
A<15>          |R<9>           |    7.600|
A<15>          |R<10>          |    7.583|
A<15>          |R<11>          |    6.792|
A<15>          |R<12>          |    6.601|
A<15>          |R<13>          |    5.655|
A<15>          |R<14>          |    5.820|
A<15>          |R<15>          |    5.634|
A<15>          |q<8>           |    7.885|
A<16>          |R<7>           |    8.180|
A<16>          |R<8>           |    7.544|
A<16>          |R<9>           |    7.463|
A<16>          |R<10>          |    7.446|
A<16>          |R<11>          |    6.655|
A<16>          |R<12>          |    6.464|
A<16>          |R<13>          |    5.437|
A<16>          |R<14>          |    5.676|
A<16>          |R<15>          |    5.314|
A<16>          |R<16>          |    4.807|
A<16>          |q<8>           |    7.748|
---------------+---------------+---------+


Analysis completed Thu Mar 23 02:06:00 2023 
--------------------------------------------------------------------------------

Trace Settings:
-------------------------
Trace Settings 

Peak Memory Usage: 4998 MB



